// Jest Snapshot v1, https://goo.gl/fbAQLP

exports[`Test StopWatch renders properly 1`] = `
<div>
  <span
    class="timer-large-text"
    data-testid="h-m-s"
  >
    00
    :
    00
  </span>
  <span
    class="timer-small-text"
    data-testid="cs"
  >
    .
    00
  </span>
</div>
`;
